PS-10 TEST REPORT
======================================================================

Total Tests: 10
Passed: 10
Failed: 0

Test Results:
  Model Files: PASS
  Model Hash: PASS
  Dependencies: PASS
  Sample Data: PASS
  Inference Script: PASS
  Submission Scripts: PASS
  Output Format: PASS
  Pixel Values: PASS
  Disk Space: PASS
  Submission Creation: PASS

Overall: PASS
